// Jest Snapshot v1, https://goo.gl/fbAQLP

exports[`Properties when user is logged in renders the property page 1`] = `
Array [
  <header
    className="Navbar"
  >
    <nav>
      <div>
        <div
          className="brand"
        >
          <div
            className="logo"
          >
            <a
              href="/"
              onClick={[Function]}
            >
              <img
                alt="Logo"
                src="logo-brand.png"
              />
            </a>
          </div>
        </div>
      </div>
      <div>
        <div
          className="searchbar-container"
        >
          <form
            className="navbar-form"
          >
            <label
              htmlFor="search"
            >
              Search
              <input
                id="search"
                type="text"
              />
            </label>
          </form>
        </div>
      </div>
      <div>
        <div
          className="button-container"
        >
          <a
            href="/login"
            onClick={[Function]}
          >
            <button
              className="BaseButton"
              type="button"
            >
              Log In
            </button>
          </a>
        </div>
        <div
          className="button-container"
        >
          <a
            href="/signup"
            onClick={[Function]}
          >
            <button
              className="BaseButton"
              type="button"
            >
              Sign up
            </button>
          </a>
        </div>
      </div>
    </nav>
  </header>,
  <div
    className="navbar-offset"
  />,
  <div
    className="content"
  >
    <div
      className="viewport"
    >
      <div
        className="Home"
      >
        <div
          className="landing-image"
        >
          <img
            alt="Welcome to FindHomy"
            src="https://images.unsplash.com/photo-1524813686514-a57563d77965"
          />
        </div>
        <div
          className="access-button"
        >
          <h1>
            Welcome
          </h1>
          <a
            href="/properties"
            onClick={[Function]}
          >
            <button
              className="BaseButton"
              type="button"
            >
              Browse our properties
            </button>
          </a>
        </div>
      </div>
    </div>
  </div>,
  <footer
    className="Footer"
  >
    <div
      id="logo-footer"
    >
      <a
        href="/"
        onClick={[Function]}
      >
        <h1
          className="wordmark"
        >
          FindHomy
        </h1>
        <img
          alt="Logo"
          src="logo512.png"
        />
      </a>
    </div>
    <div
      className="footer-box"
    >
      <ul>
        <li>
          <a
            href="https://www.youtube.com/watch?v=5E2dsqjoFXg&ab_channel=JohnTimston"
            rel="noreferrer"
            target="_blank"
          >
            About
          </a>
        </li>
        <hr />
        <li>
          <a
            href="https://www.youtube.com/watch?v=pCjBetzC8ME&ab_channel=Meow%3FWoof%21"
            rel="noreferrer"
            target="_blank"
          >
            Contact
          </a>
        </li>
        <hr />
        <li>
          <a
            href="https://www.youtube.com/watch?v=GfT5CqrWJW0&ab_channel=ALIBA"
            rel="noreferrer"
            target="_blank"
          >
            Terms of Service
          </a>
        </li>
      </ul>
    </div>
    <div
      className="footer-box"
    >
      <ul>
        <li>
          <a
            href="https://documenter.getpostman.com/view/15970655/TzeTKA1X"
            rel="noreferrer"
            target="_blank"
          >
            Docs
          </a>
        </li>
        <hr />
        <li>
          <a
            href="https://trippybook.herokuapp.com/posts"
            rel="noreferrer"
            target="_blank"
          >
            TrippyBook
          </a>
        </li>
      </ul>
    </div>
    <div
      className="copyright"
    >
      <span
        className="subtitle2"
      >
        © Copyright 2021 InsertFunnyName
      </span>
    </div>
  </footer>,
]
`;

exports[`Properties when user is not logged in renders the property page 1`] = `
Array [
  <header
    className="Navbar"
  >
    <nav>
      <div>
        <div
          className="brand"
        >
          <div
            className="logo"
          >
            <a
              href="/"
              onClick={[Function]}
            >
              <img
                alt="Logo"
                src="logo-brand.png"
              />
            </a>
          </div>
        </div>
      </div>
      <div>
        <div
          className="searchbar-container"
        >
          <form
            className="navbar-form"
          >
            <label
              htmlFor="search"
            >
              Search
              <input
                id="search"
                type="text"
              />
            </label>
          </form>
        </div>
      </div>
      <div>
        <div
          className="button-container"
        >
          <a
            href="/login"
            onClick={[Function]}
          >
            <button
              className="BaseButton"
              type="button"
            >
              Log In
            </button>
          </a>
        </div>
        <div
          className="button-container"
        >
          <a
            href="/signup"
            onClick={[Function]}
          >
            <button
              className="BaseButton"
              type="button"
            >
              Sign up
            </button>
          </a>
        </div>
      </div>
    </nav>
  </header>,
  <div
    className="navbar-offset"
  />,
  <div
    className="content"
  >
    <div
      className="viewport"
    >
      <div
        className="Home"
      >
        <div
          className="landing-image"
        >
          <img
            alt="Welcome to FindHomy"
            src="https://images.unsplash.com/photo-1524813686514-a57563d77965"
          />
        </div>
        <div
          className="access-button"
        >
          <h1>
            Welcome
          </h1>
          <a
            href="/properties"
            onClick={[Function]}
          >
            <button
              className="BaseButton"
              type="button"
            >
              Browse our properties
            </button>
          </a>
        </div>
      </div>
    </div>
  </div>,
  <footer
    className="Footer"
  >
    <div
      id="logo-footer"
    >
      <a
        href="/"
        onClick={[Function]}
      >
        <h1
          className="wordmark"
        >
          FindHomy
        </h1>
        <img
          alt="Logo"
          src="logo512.png"
        />
      </a>
    </div>
    <div
      className="footer-box"
    >
      <ul>
        <li>
          <a
            href="https://www.youtube.com/watch?v=5E2dsqjoFXg&ab_channel=JohnTimston"
            rel="noreferrer"
            target="_blank"
          >
            About
          </a>
        </li>
        <hr />
        <li>
          <a
            href="https://www.youtube.com/watch?v=pCjBetzC8ME&ab_channel=Meow%3FWoof%21"
            rel="noreferrer"
            target="_blank"
          >
            Contact
          </a>
        </li>
        <hr />
        <li>
          <a
            href="https://www.youtube.com/watch?v=GfT5CqrWJW0&ab_channel=ALIBA"
            rel="noreferrer"
            target="_blank"
          >
            Terms of Service
          </a>
        </li>
      </ul>
    </div>
    <div
      className="footer-box"
    >
      <ul>
        <li>
          <a
            href="https://documenter.getpostman.com/view/15970655/TzeTKA1X"
            rel="noreferrer"
            target="_blank"
          >
            Docs
          </a>
        </li>
        <hr />
        <li>
          <a
            href="https://trippybook.herokuapp.com/posts"
            rel="noreferrer"
            target="_blank"
          >
            TrippyBook
          </a>
        </li>
      </ul>
    </div>
    <div
      className="copyright"
    >
      <span
        className="subtitle2"
      >
        © Copyright 2021 InsertFunnyName
      </span>
    </div>
  </footer>,
]
`;
